\Cobol\fuentes\CTAS001.cbl Fri Dec 04 12:22:03 2015  ACUCOBOL-GT v7.2.0  Page: 0001
ccbl32 -Cr -Ce -Vxe3 -vc -Zl -zd -Zz -Fx3 -Lo @.lst -o \Cobol\CTAS001.acu -Lf \Cobol\fuentes\CTAS001.cbl


      * ========================================================================== */
      *                                                                            */
      *   COBOLNAME.CBL                                                            */
      *   (C) 2008 AUTHOR                                                          */
      *                                                                            */
      *   DESCRIPTION                                                              */
      *                                                                            */
      * ========================================================================== */
      *PROGRAM DESCRIPTION
       IDENTIFICATION DIVISION.
       PROGRAM-ID. CTAS001.
       AUTHOR. CRESPILLO RODRIGO ANDRES.
       INSTALLATION.
       DATE-WRITTEN. 24/11/2015.
       DATE-COMPILED.
      *----------------------------------------------------------------
       ENVIRONMENT DIVISION.

       CONFIGURATION SECTION.
       SOURCE-COMPUTER. NOMBRE COMPUTADIR FUENTE.
       OBJECT-COMPUTER. NOMBRE COMPUTADOR OBJETO.
       SPECIAL-NAMES.
            DECIMAL-POINT IS COMMA.

       INPUT-OUTPUT SECTION.
       FILE-CONTROL.
           SELECT MOV-CTAS
           ASSIGN TO "\COBOL\arch\mov-cuentas.prn"
           ORGANIZATION IS SEQUENTIAL.
           SELECT LISTADO
           ASSIGN TO "\COBOL\listado\LISTADO-MOV"
           ORGANIZATION IS SEQUENTIAL.
      *----------------------------------------------------------------
       DATA DIVISION.
       FILE SECTION.

       COPY "\COBOL\fuentes\cpy\fd-mov-ctas.fds".
       FD  MOV-CTAS.
       01  MOV-REG.
           03 M-MOV            PIC X.
           03 M-CTA            PIC 9(08).
           03 M-APE            PIC X(20).
           03 M-NOM            PIC X(20).
           03 M-FNAC           PIC 9(08).
           03 M-PROV           PIC X.

       FD  LISTADO.
       01  REGISTRO            PIC X(110).

       WORKING-STORAGE SECTION.

       COPY "\COBOL\fuentes\cpy\wk-tab-leyendas.cpy".
       01  TAB-LEYENDAS-COMPLETA.
           03 FILLER           PIC X(23)
           VALUE "COD. MOV. INCORRECTO   ".
           03 FILLER           PIC X(23)

\Cobol\fuentes\CTAS001.cbl Fri Dec 04 12:22:03 2015  ACUCOBOL-GT v7.2.0  Page: 0002


           VALUE "CAMPOS VACIOS EN ALTA  ".
           03 FILLER           PIC X(23)
           VALUE "MODIFICACION SIN CUENTA".
           03 FILLER           PIC X(23)
           VALUE "MODIFICACION SIN DATOS ".
           03 FILLER           PIC X(23)
           VALUE "BAJA SIN CUENTA        ".
       01  FILLER REDEFINES TAB-LEYENDAS-COMPLETA.
           03 TAB-LEYENDA     PIC X(23) OCCURS 5.

       77  WK-MOV-LEIDOS       PIC 9(04).
       77  WK-ALTAS-OK         PIC 9(04).
       77  WK-BAJAS-OK         PIC 9(04).
       77  WK-MODIF-OK         PIC 9(04).
       77  WK-ERRORES          PIC 9(04).
       77  WK-HOJA             PIC 9(02).
       77  WK-FECHA            PIC 9(08).
       77  WK-FECHA-ED-1       PIC X(10).
       77  WK-FECHA-ED-2       PIC X(10).
       77  WK-FECHA-ED-3       PIC X(08).
       77  WK-LINEA            PIC 99.
       77  WK-FINAL            PIC 9.
       77  WK-TOTALES          PIC 9(04).

       01  LIS-REG.
           03 FILLER           PIC X(01) VALUE SPACES.
           03 L-MOV            PIC X.
           03 FILLER           PIC X(03) VALUE SPACES.
           03 L-CTA            PIC 9(08).
           03 FILLER           PIC X(02) VALUE SPACES.
           03 L-APE            PIC X(20).
           03 FILLER           PIC X(02) VALUE SPACES.
           03 L-NOM            PIC X(20).
           03 FILLER           PIC X(07) VALUE SPACES.
           03 L-PROV           PIC X.
           03 FILLER           PIC X(08) VALUE SPACES.
           03 L-FNAC           PIC X(10).
           03 FILLER           PIC X(04) VALUE SPACES.
           03 L-OBS            PIC X(23).

       01  TIT-TITULO.
           03 TIT-TITULO-FECHA PIC X(10).
           03 FILLER           PIC X(32) VALUE SPACES.
           03 FILLER           PIC X(27)
           VALUE "VALIDADOR DE MOV. DE CUETAS".
           03 FILLER           PIC X(32) VALUE SPACES.
           03 FILLER           PIC X(06) VALUE "Hoja: ".
           03 TIT-TITULO-HOJA  PIC 9(02).

       01  TIT-LINEA           PIC X(110) VALUE ALL "_".

       01  TIT-DETALLE.
           03 FILLER           PIC X(03) VALUE "Mov".
           03 FILLER           PIC X(02) VALUE SPACES.
           03 FILLER           PIC X(06) VALUE "Cuenta".
           03 FILLER           PIC X(10) VALUE SPACES.
           03 FILLER           PIC X(08) VALUE "Apellido".

\Cobol\fuentes\CTAS001.cbl Fri Dec 04 12:22:03 2015  ACUCOBOL-GT v7.2.0  Page: 0003


           03 FILLER           PIC X(14) VALUE SPACES.
           03 FILLER           PIC X(06) VALUE "Nombre".
           03 FILLER           PIC X(13) VALUE SPACES.
           03 FILLER           PIC X(05) VALUE "Prov.".
           03 FILLER           PIC X(06) VALUE SPACES.
           03 FILLER           PIC X(10) VALUE "Fecha Nac.".
           03 FILLER           PIC X(09) VALUE SPACES.
           03 FILLER           PIC X(13) VALUE "Observaciones".

       01  TIT-LEIDOS.
           03 TIT-LEIDOS-DET   PIC X(13) VALUE "MOV. LEIDOS: ".
           03 TIT-LEIDOS-NUM   PIC ZZZ9.
       01  TIT-ALTAS.
           03 TIT-ALTAS-DET    PIC X(13) VALUE "ALTAS OK...: ".
           03 TIT-ALTAS-NUM    PIC ZZZ9.
       01  TIT-BAJAS.
           03 TIT-BAJAS-DET    PIC X(13) VALUE "BAJAS OK...: ".
           03 TIT-BAJAS-NUM    PIC ZZZ9.
       01  TIT-MODIF.
           03 TIT-MODIF-DET    PIC X(13) VALUE "MODIF. OK..: ".
           03 TIT-MODIF-NUM    PIC ZZZ9.
       01  TIT-ERRORES.
           03 TIT-ERRORES-DET  PIC X(13) VALUE "ERRORES....: ".
           03 TIT-ERRORES-NUM  PIC ZZZ9.
      *----------------------------------------------------------------
       PROCEDURE DIVISION.

       CONTROL-PROG.
000005     PERFORM INICIO     THRU F-INICIO
000009     PERFORM PROCESO    THRU F-PROCESO
00000D     PERFORM FINAL-PROG THRU F-FINAL-PROG
000011     GOBACK.

       INICIO.
00001B     PERFORM ABRIR-ARCHIVO THRU F-ABRIR-ARCHIVO
00001F     ACCEPT WK-FECHA       FROM CENTURY-DATE
000025     CALL "FEC-NAC-ED" USING WK-FECHA
                                   WK-FECHA-ED-1
                                   WK-FECHA-ED-2
                                   WK-FECHA-ED-3
00003C     MOVE WK-FECHA-ED-1    TO TIT-TITULO-FECHA
000043     PERFORM ENCABEZAR     THRU F-ENCABEZAR.
       F-INICIO. EXIT.

       ABRIR-ARCHIVO.
000050     OPEN INPUT MOV-CTAS
00005B     OPEN OUTPUT LISTADO.
       F-ABRIR-ARCHIVO. EXIT.

       ENCABEZAR.
00006F     ADD 1 TO TIT-TITULO-HOJA
      * IMPRIME ENCABEZADO
000075     IF TIT-TITULO-HOJA = 1
00007F        WRITE REGISTRO FROM TIT-TITULO AFTER 0
00009A     ELSE
00009B        WRITE REGISTRO FROM TIT-TITULO AFTER PAGE
           END-IF

\Cobol\fuentes\CTAS001.cbl Fri Dec 04 12:22:03 2015  ACUCOBOL-GT v7.2.0  Page: 0004


0000B0     WRITE REGISTRO FROM TIT-LINEA
0000C2     WRITE REGISTRO FROM TIT-DETALLE
0000D5     WRITE REGISTRO FROM TIT-LINEA
0000E7     MOVE 4 TO WK-LINEA.
       F-ENCABEZAR. EXIT.

       PROCESO.
0000F6     INITIALIZE WK-MOV-LEIDOS
0000FB     PERFORM UNTIL WK-FINAL = 1
000105        READ MOV-CTAS AT END
000111                         MOVE 1 TO WK-FINAL
000117                         EXIT PERFORM CYCLE
              END-READ
00011B        ADD 1 TO WK-MOV-LEIDOS
000121        INITIALIZE LIS-REG
000143        EVALUATE M-MOV
00014C           WHEN "A" PERFORM PROCESO-A THRU F-PROCESO-A
00015B           WHEN "B" PERFORM PROCESO-B THRU F-PROCESO-B
00016A           WHEN "M" PERFORM PROCESO-M THRU F-PROCESO-M
000171           WHEN OTHER PERFORM PROCESO-OTROS THRU F-PROCESO-OTROS
              END-EVALUATE
           END-PERFORM.
       F-PROCESO. EXIT.

       PROCESO-OTROS.
000181     PERFORM DETALLE     THRU F-DETALLE
000185     MOVE TAB-LEYENDA(1) TO L-OBS
00018C     WRITE REGISTRO      FROM LIS-REG
00019E     ADD 1 TO WK-ERRORES.
       F-PROCESO-OTROS. EXIT.

       DETALLE.
0001AD     MOVE M-MOV  TO L-MOV
0001B3     MOVE M-CTA  TO L-CTA
0001BA     MOVE M-APE  TO L-APE
0001C1     MOVE M-NOM  TO L-NOM
0001C8     MOVE M-PROV TO L-PROV
0001CE     IF NOT ( M-FNAC = 0 )
0001D8        MOVE M-FNAC TO WK-FECHA
0001DF        CALL "FEC-NAC-ED" USING WK-FECHA
                                      WK-FECHA-ED-1
                                      WK-FECHA-ED-2
                                      WK-FECHA-ED-3
0001F6        MOVE WK-FECHA-ED-2 TO L-FNAC
           END-IF.
       F-DETALLE. EXIT.

       PROCESO-A.
000206     IF M-CTA = SPACE
              OR M-FNAC = SPACE
              OR  M-APE = SPACE
              OR M-NOM = SPACE
              OR M-PROV = SPACE
00022F        PERFORM DETALLE     THRU F-DETALLE
000233        MOVE TAB-LEYENDA(2) TO L-OBS
00023A        WRITE REGISTRO      FROM LIS-REG
00024C        ADD 1 TO WK-ERRORES

\Cobol\fuentes\CTAS001.cbl Fri Dec 04 12:22:03 2015  ACUCOBOL-GT v7.2.0  Page: 0005


           ELSE
000255        ADD 1 TO WK-ALTAS-OK
           END-IF.
       F-PROCESO-A. EXIT.

       PROCESO-M.
000264     IF M-CTA = SPACE
00026D        PERFORM DETALLE     THRU F-DETALLE
000271        MOVE TAB-LEYENDA(3) TO L-OBS
000278        WRITE REGISTRO      FROM LIS-REG
00028A        ADD 1 TO WK-ERRORES
           ELSE
000293        IF M-FNAC = SPACE
                 OR M-APE = SPACE
                 OR M-NOM = SPACE
                 OR M-PROV = SPACE
0002B4           PERFORM DETALLE     THRU F-DETALLE
0002B8           MOVE TAB-LEYENDA(4) TO L-OBS
0002BF           WRITE REGISTRO      FROM LIS-REG
0002D1           ADD 1 TO WK-ERRORES
              ELSE
0002DA           ADD 1 TO WK-MODIF-OK
              END-IF
           END-IF.
       F-PROCESO-M. EXIT.

       PROCESO-B.
0002E9     IF M-CTA = SPACE
0002F2        PERFORM DETALLE     THRU F-DETALLE
0002F6        MOVE TAB-LEYENDA(5) TO L-OBS
0002FD        WRITE REGISTRO      FROM LIS-REG
00030F        ADD 1 TO WK-ERRORES
           ELSE
000318        ADD 1 TO WK-BAJAS-OK
           END-IF.
       F-PROCESO-B. EXIT.

       FINAL-PROG.
000327     PERFORM TOTALES           THRU F-TOTALES
00032B     PERFORM CERRAR-ARCHIVO    THRU F-CERRAR-ARCHIVO.
       F-FINAL-PROG. EXIT.

       TOTALES.
      * IMPRIME PIE DE PAGINA CON TOTAL DE ALUMNOS
000338     IF WK-LINEA > 60
000342        PERFORM ENCABEZAR
           END-IF
000346     MOVE WK-MOV-LEIDOS TO TIT-LEIDOS-NUM
00034D     MOVE WK-ALTAS-OK   TO TIT-ALTAS-NUM
000354     MOVE WK-BAJAS-OK   TO TIT-BAJAS-NUM
00035B     MOVE WK-MODIF-OK   TO TIT-MODIF-NUM
000362     MOVE WK-ERRORES    TO TIT-ERRORES-NUM
000369     WRITE REGISTRO FROM TIT-LINEA
00037B     WRITE REGISTRO FROM TIT-LEIDOS
00038E     WRITE REGISTRO FROM TIT-ALTAS
0003A1     WRITE REGISTRO FROM TIT-BAJAS
0003B4     WRITE REGISTRO FROM TIT-MODIF

\Cobol\fuentes\CTAS001.cbl Fri Dec 04 12:22:03 2015  ACUCOBOL-GT v7.2.0  Page: 0006


0003C7     WRITE REGISTRO FROM TIT-ERRORES
0003DA     IF WK-LINEA > 63
0003E4        PERFORM ENCABEZAR
           END-IF
0003E8     PERFORM VERIFICAR-TOTALES THRU F-VERIFICAR-TOTALES.
       F-TOTALES. EXIT.

       VERIFICAR-TOTALES.
0003F5     COMPUTE WK-TOTALES = WK-ALTAS-OK +
                                WK-BAJAS-OK +
                                WK-MODIF-OK +
                                WK-ERRORES
000405     IF WK-TOTALES <> WK-MOV-LEIDOS
00040F        WRITE REGISTRO FROM "TOTALES NO BALANCEAN"
           END-IF.
       F-VERIFICAR-TOTALES. EXIT.

       CERRAR-ARCHIVO.
00042B     CLOSE MOV-CTAS
                 LISTADO.
       F-CERRAR-ARCHIVO. EXIT.

       END PROGRAM.

\Cobol\fuentes\CTAS001.cbl Fri Dec 04 12:22:03 2015  ACUCOBOL-GT v7.2.0  Page: 0007


STATISTICS

Total Lines:         307
# of Files:            2
# of Data Items:      82
# of Paragraphs:      27

Elapsed Time:        0.0 seconds
Lines/Minute:    1842000


Code Size:          1098 (00044A)
Data Size:          1176 (000498)
Shared Data:          14 (00000E)
Extra Segment:       168 (0000A8)
Thread Segment:      108 (00006C)
Address Table:       356 (000164)
Program Size:       2920 (000B68)

0 Error(s), 0 Warning(s)
