\Cobol\fuentes\ejercicio1Final.cbl Wed Nov 18 19:21:46 2015  ACUCOBOL-GT v7.2.0  Page: 0001
ccbl32 -Cr -Ce -Vxe3 -vc -Zl -zd -Zz -Fx3 -Lo @.lst -o \Cobol\ejercicio1Final.acu -Lf \Cobol\fuentes\ejercicio1Final.cbl


      * =================================================================== */
      *                                                                     */
      *   COBOLNAME.CBL                                                     */
      *   (C) 2008 AUTHOR                                                   */
      *                                                                     */
      *   DESCRIPTION                                                       */
      *                                                                    .*/
      * =================================================================== */
      *PROGRAM DESCRIPTION
       IDENTIFICATION DIVISION.
       PROGRAM-ID. EJERCICIO1.
       AUTHOR. CRESPILLO RODRIGO ANDRES.
       INSTALLATION.
       DATE-WRITTEN. 13/11/2015.
       DATE-COMPILED. 18/11/20
      *----------------------------------------------------------------
       ENVIRONMENT DIVISION.

       CONFIGURATION SECTION.
       SOURCE-COMPUTER. NOMBRE COMPUTADIR FUENTE.
       OBJECT-COMPUTER. NOMBRE COMPUTADOR OBJETO.
       SPECIAL-NAMES.
            DECIMAL-POINT IS COMMA.

       INPUT-OUTPUT SECTION.
       FILE-CONTROL.
           SELECT ARCHIVO
           ASSIGN TO "E:\COBOL\arch\M-ALUMNOS.txt"
           ORGANIZATION IS SEQUENTIAL.
           SELECT LISTADO
           ASSIGN TO "E:\COBOL\listado\LISTADO2.txt"
           ORGANIZATION IS SEQUENTIAL.
      *----------------------------------------------------------------
       DATA DIVISION.

       FILE SECTION.
       FD  ARCHIVO.
       01  REG-ARCHIVO.
            03 ARCHIVO-DNI              PIC 9(08).
            03 ARCHIVO-NOMBRE           PIC X(30).
            03 ARCHIVO-FECHA            PIC 9(08).
       FD  LISTADO.
       01  REG-LIS                      PIC X(60).

       WORKING-STORAGE SECTION.
       77  WK-LEIDOS                    PIC 9(09).
       77  WK-FINAL                     PIC 9(01).
       77  WK-LINEA                     PIC 9(09).

       01  WK-FECHA                     PIC 9(08).
       01  FILLER REDEFINES  WK-FECHA.
            03 WK-FEC-ANHIO             PIC X(04).
            03 WK-FEC-MES               PIC X(02).
            03 WK-FEC-DIA               PIC X(02).

       01  WK-FECHA-ED.

\Cobol\fuentes\ejercicio1Final.cbl Wed Nov 18 19:21:46 2015  ACUCOBOL-GT v7.2.0  Page: 0002


            03 WK-FEC-DIA-ED            PIC X(02).
            03 FILLER                   PIC X VALUE "/".
            03 WK-FEC-MES-ED            PIC X(02).
            03 FILLER                   PIC X VALUE "/".
            03 WK-FEC-ANHIO-ED          PIC X(04).

       01  TITULO-01.
            03 TIT-FECHA                PIC X(10).
            03 FILLER                   PIC X(8) VALUE SPACES.
            03 FILLER                   PIC X(15) VALUE
            "LISTADO ALUMNOS".
            03 FILLER                   PIC X(18) VALUE SPACES.
            03 FILLER                   PIC X(06) VALUE "HOJA: ".
            03 TIT-HOJA                 PIC 9(03).

       01  TITULO-LINE                  PIC X(60) VALUE ALL "-".

       01  TITULO-03.
            03 FILLER                   PIC X(30) VALUE "NOMBRE".
            03 FILLER                   PIC X(14) VALUE "DNI".
            03 FILLER                   PIC X(16) VALUE
            "FECHA NACIMIENTO".

       01  LIN-DETALLE.
            03 LIN-DET-NOMBRE           PIC X(30).
            03 FILLER                   PIC X(6) VALUE SPACES.
            03 LIN-DET-DNI              PIC X(08).
            03 FILLER                   PIC X(06) VALUE SPACES.
            03 LIN-DET-FECHA-NACIMIENTO PIC X(10).

       01  TITULO-BOTTOM-FINAL.
            03 FILLER                   PIC X(13) VALUE
            "TOTAL ALUMNOS".
            03 LIN-TOT-ALUMN            PIC ZZZZZZZ9.

       01  COMPLETADOR                  PIC X(60) VALUE SPACES.

       LINKAGE SECTION.
       SCREEN SECTION.
      *----------------------------------------------------------------
       PROCEDURE DIVISION.
       CONTROL-PROG.
000005     PERFORM INICIO     THRU F-INICIO
000009     PERFORM PROCESO    THRU F-PROCESO
00000D     PERFORM FINAL-PROG THRU F-FINAL-PROG
000011     GOBACK.

      * ABRE ARCHIVO Y ANHADE ENCABEZADO
       INICIO.
00001B     PERFORM ABRIR-ARCHIVO THRU F-ABRIR-ARCHIVO
00001F     PERFORM ENCABEZAR     THRU F-ENCABEZAR.
       F-INICIO.

      * ABRE EL ARCHIVO
       ABRIR-ARCHIVO.
00002B     OPEN INPUT ARCHIVO
000036     OPEN OUTPUT LISTADO.

\Cobol\fuentes\ejercicio1Final.cbl Wed Nov 18 19:21:46 2015  ACUCOBOL-GT v7.2.0  Page: 0003


       F-ABRIR-ARCHIVO.

       ENCABEZAR.
      * ACEPTA HORA DEL SISTEMA Y LA PONE EN EL LISTADO
000049     ACCEPT WK-FECHA FROM CENTURY-DATE

00004F     PERFORM MOVER-FECHA THRU F-MOVER-FECHA
000053     MOVE WK-FECHA-ED  TO TIT-FECHA

00005A     ADD 1 TO TIT-HOJA

      * IMPRIME ENCABEZADO
000060     WRITE REG-LIS FROM TITULO-01
000072     WRITE REG-LIS FROM TITULO-LINE
000084     WRITE REG-LIS FROM TITULO-03
000096     WRITE REG-LIS FROM TITULO-LINE

0000A8     MOVE 4 TO WK-LINEA.

       F-ENCABEZAR.

       MOVER-FECHA.
0000B7     MOVE WK-FEC-ANHIO TO WK-FEC-ANHIO-ED
0000BD     MOVE WK-FEC-MES   TO WK-FEC-MES-ED
0000C3     MOVE WK-FEC-DIA   TO WK-FEC-DIA-ED.
       F-MOVER-FECHA.

       PROCESO.
0000D1     PERFORM UNTIL WK-FINAL= 1
0000DB        READ ARCHIVO AT END
0000E7             MOVE 1 TO WK-FINAL
0000ED             EXIT PERFORM CYCLE
              END-READ

      * AGREGAMOS 1 AL CONTADOR DE ALUMNOS
0000F1        INITIALIZE LIN-DETALLE
      * SI EL CONTADOR ES MAYOR A 58 AGREGO 1 HOJA
000101        IF WK-LINEA > 59
00010B               PERFORM ENCABEZAR
              END-IF
00010F        PERFORM DETALLE THRU F-DETALLE
000113        ADD 1 TO WK-LEIDOS
           END-PERFORM.


       F-PROCESO.


       DETALLE.
000124     MOVE ARCHIVO-DNI    TO LIN-DET-DNI
00012B     MOVE ARCHIVO-NOMBRE TO LIN-DET-NOMBRE
000132     MOVE ARCHIVO-FECHA  TO WK-FECHA
000139     PERFORM MOVER-FECHA THRU F-MOVER-FECHA
00013D     MOVE WK-FECHA-ED    TO LIN-DET-FECHA-NACIMIENTO

000144     WRITE REG-LIS FROM LIN-DETALLE
000156     ADD 1 TO WK-LINEA.

\Cobol\fuentes\ejercicio1Final.cbl Wed Nov 18 19:21:47 2015  ACUCOBOL-GT v7.2.0  Page: 0004


       F-DETALLE.

       FINAL-PROG.
      *COMPLETA LAS LINEAS FALTANTES HASTA EL FINAL
      *     IF WK-LINEA > 58
000164      PERFORM TOTALES THRU F-TOTALES
      *     END-IF

000168     PERFORM CERRAR-ARCHIVO THRU F-CERRAR-ARCHIVO.
       F-FINAL-PROG.

      * COMPLETAR.
      *     WRITE REG-LIS FROM COMPLETADOR
      *     ADD 1 TO WK-LINEA.
      * F-COMPLETAR.

       TOTALES.
      * IMPRIME PIE DE PAGINA CON TOTAL DE ALUMNOS
000174     IF WK-LINEA > 58
00017E      PERFORM ENCABEZAR
           END-IF
000182     MOVE WK-LEIDOS TO LIN-TOT-ALUMN
000189     WRITE REG-LIS FROM TITULO-LINE
00019B     WRITE REG-LIS FROM TITULO-BOTTOM-FINAL.
       F-TOTALES.

       CERRAR-ARCHIVO.
0001B6     CLOSE ARCHIVO
                 LISTADO.
       F-CERRAR-ARCHIVO.
      *----------------------------------------------------------------

\Cobol\fuentes\ejercicio1Final.cbl Wed Nov 18 19:21:47 2015  ACUCOBOL-GT v7.2.0  Page: 0005


STATISTICS

Total Lines:         201
# of Files:            2
# of Data Items:      41
# of Paragraphs:      19

Elapsed Time:        0.3 seconds
Lines/Minute:      30923


Code Size:           468 (0001D4)
Data Size:           718 (0002CE)
Shared Data:          14 (00000E)
Extra Segment:       132 (000084)
Thread Segment:       76 (00004C)
Address Table:       144 (000090)
Program Size:       1552 (000610)

0 Error(s), 0 Warning(s)
