\Cobol\fuentes\FEC-NAC-ED.cbl Thu Dec 03 23:35:16 2015  ACUCOBOL-GT v7.2.0  Page: 0001
ccbl32 -Cr -Ce -Vxe3 -vc -Zl -zd -Zz -Fx3 -Lo @.lst -o \Cobol\FEC-NAC-ED.acu -Lf \Cobol\fuentes\FEC-NAC-ED.cbl


      * =================================================================== */
      *                                                                     */
      *   COBOLNAME.CBL                                                     */
      *   (C) 2008 AUTHOR                                                   */
      *                                                                     */
      *   Recive fecha aaaammdd y lo transforma en dd/mm/aaaa, dd-mm-aaaa   */
      *   y MMM-aaaa                                                       .*/
      * =================================================================== */
      *PROGRAM DESCRIPTION
       IDENTIFICATION DIVISION.
       PROGRAM-ID. FC-NAC-ED.
       AUTHOR. CRESPILLO RODRIGO ANDRES.
       ENVIRONMENT DIVISION.
      *----------------------------------------------------------------
       DATA DIVISION.
       WORKING-STORAGE SECTION.

       01  TAB-MESES                    PIC X(36)
           VALUE "ENEFEBAMRABRMAYJUNJULAGOSETOCTNOVDIC".
       01  FILLER REDEFINES TAB-MESES.
           03 TAB-MES                   PIC X(3) OCCURS 12.

       01  FECHA-ENTRADA                    PIC 9(08).
       01  FILLER REDEFINES FECHA-ENTRADA.
           03 FECHA-ENTRADA-ANHIO           PIC 9999.
           03 FECHA-ENTRADA-MES             PIC 99.
           03 FECHA-ENTRADA-DIA             PIC 99.

       01  FECHA-SALIDA-1.
           03 FECHA-SALIDA-1-DIA            PIC 99.
           03 FILLER                        PIC X VALUE "/".
           03 FECHA-SALIDA-1-MES            PIC 99.
           03 FILLER                        PIC X VALUE "/".
           03 FECHA-SALIDA-1-ANHIO          PIC 9999.

       01  FECHA-SALIDA-2.
           03 FECHA-SALIDA-2-DIA            PIC 99.
           03 FILLER                        PIC X VALUE "-".
           03 FECHA-SALIDA-2-MES            PIC 99.
           03 FILLER                        PIC X VALUE "-".
           03 FECHA-SALIDA-2-ANHIO          PIC 9999.

       01  FECHA-SALIDA-3.
           03 FECHA-SALIDA-3-MES            PIC XXX.
           03 FILLER                        PIC X VALUE "-".
           03 FECHA-SALIDA-3-ANHIO          PIC 9999.

       LINKAGE SECTION.

       01  LK-FECHA-ENTRADA                 PIC 9(08).
       01  LK-FECHA-SALIDA-1                PIC X(10).
       01  LK-FECHA-SALIDA-2                PIC X(10).
       01  LK-FECHA-SALIDA-3                PIC X(08).

      *----------------------------------------------------------------
       PROCEDURE DIVISION USING LK-FECHA-ENTRADA

\Cobol\fuentes\FEC-NAC-ED.cbl Thu Dec 03 23:35:16 2015  ACUCOBOL-GT v7.2.0  Page: 0002


                                LK-FECHA-SALIDA-1
                                LK-FECHA-SALIDA-2
                                LK-FECHA-SALIDA-3.
       CONTROL-PROG.
000005     PERFORM ENTRADA     THRU F-ENTRADA
000009     PERFORM MV-FECHA-1  THRU F-MV-FECHA-1
00000D     PERFORM MV-FECHA-2  THRU F-MV-FECHA-2
000011     PERFORM MV-FECHA-3  THRU F-MV-FECHA-3
000015     PERFORM SALIDA      THRU F-SALIDA
000019     EXIT PROGRAM.

       ENTRADA.
000020     MOVE LK-FECHA-ENTRADA TO FECHA-ENTRADA.
       F-ENTRADA. EXIT.

       MV-FECHA-1.
000030     MOVE FECHA-ENTRADA-ANHIO TO FECHA-SALIDA-1-ANHIO
000036     MOVE FECHA-ENTRADA-MES   TO FECHA-SALIDA-1-MES
00003C     MOVE FECHA-ENTRADA-DIA   TO FECHA-SALIDA-1-DIA.
       F-MV-FECHA-1.EXIT.

       MV-FECHA-2.
00004B     MOVE FECHA-ENTRADA-ANHIO TO FECHA-SALIDA-2-ANHIO
000051     MOVE FECHA-ENTRADA-MES   TO FECHA-SALIDA-2-MES
000057     MOVE FECHA-ENTRADA-DIA   TO FECHA-SALIDA-2-DIA.
       F-MV-FECHA-2.EXIT.

       MV-FECHA-3.
000066     MOVE TAB-MES(FECHA-ENTRADA-MES) TO FECHA-SALIDA-3-MES
000073     MOVE FECHA-ENTRADA-ANHIO        TO FECHA-SALIDA-3-ANHIO.
       F-MV-FECHA-3.EXIT.

       SALIDA.
000082     MOVE FECHA-SALIDA-1 TO LK-FECHA-SALIDA-1
000089     MOVE FECHA-SALIDA-2 TO LK-FECHA-SALIDA-2
000090     MOVE FECHA-SALIDA-3 TO LK-FECHA-SALIDA-3.
       F-SALIDA. EXIT.

       END PROGRAM.

\Cobol\fuentes\FEC-NAC-ED.cbl Thu Dec 03 23:35:16 2015  ACUCOBOL-GT v7.2.0  Page: 0003


STATISTICS

Total Lines:          95
# of Files:            0
# of Data Items:      29
# of Paragraphs:      11

Elapsed Time:        0.0 seconds
Lines/Minute:     570000


Code Size:           161 (0000A1)
Data Size:           102 (000066)
Shared Data:          14 (00000E)
Extra Segment:        64 (000040)
Thread Segment:       44 (00002C)
Address Table:        32 (000020)
Program Size:        417 (0001A1)

0 Error(s), 0 Warning(s)
