\Cobol\fuentes\LIS002.cbl Wed Nov 25 20:35:30 2015  ACUCOBOL-GT v7.2.0  Page: 0001
ccbl32 -Cr -Ce -Vxe3 -vc -Zl -zd -Zz -Fx3 -Lo @.lst -o \Cobol\LIS002.acu -Lf \Cobol\fuentes\LIS002.cbl


      * =================================================================== */
      *                                                                     */
      *   LIS002.CBL                                                        */
      *   (C)  CRESPILLO RODRIGO ANDRES                                     */
      *                                                                     */
      *   Crea una hoja de calculo usando M-CUENTAS para aquellos que       */
      *   no estan de baja y que CTAS-APERTURA sean 6, 7 o 9                */
      *   Al finalizar muestra la cantidad de archivos leidos, considerados */
      *   y grabados, estos dos ultimos deben considir                      */
      * =================================================================== */
      *PROGRAM DESCRIPTION
       IDENTIFICATION DIVISION.
       PROGRAM-ID. LIS002.
       AUTHOR. CRESPILLO RODRIGO ANDRES.
       INSTALLATION.
       DATE-WRITTEN. 18/11/2015.
       DATE-COMPILED.
      *----------------------------------------------------------------
       ENVIRONMENT DIVISION.

       CONFIGURATION SECTION.
       SOURCE-COMPUTER. NOMBRE COMPUTADIR FUENTE.
       OBJECT-COMPUTER. NOMBRE COMPUTADOR OBJETO.
       SPECIAL-NAMES.
            DECIMAL-POINT IS COMMA.

       INPUT-OUTPUT SECTION.
       FILE-CONTROL.
           SELECT M-CUENTAS
           ASSIGN TO "\COBOL\arch\mcuentas"
           ORGANIZATION IS SEQUENTIAL.
           SELECT LISTADO
           ASSIGN TO "\COBOL\listado\LIS-XLS.xls"
           ORGANIZATION IS SEQUENTIAL.
      *----------------------------------------------------------------
       DATA DIVISION.

       FILE SECTION.

       COPY "\COBOL\fuentes\cpy\fd-ctas-reg.fds".
       FD  M-CUENTAS.
       01  CTAS-REG.
            03 CTAS-DOCUMENTO           PIC 9(08).
            03 CTAS-APELLIDO            PIC X(20).
            03 CTAS-NOMBRE              PIC X(20).
            03 CTAS-FECHA-NAC.
             05 CTAS-FECHA-NAC-ANHO      PIC 9999.
             05 CTAS-FECHA-NAC-MES       PIC 99.
             05 CTAS-FECHA-NAC-DIA       PIC 99.
            03 CTAS-PROVINCIA           PIC X(01).
            03 CTAS-APERTURA            PIC 9(01).
            03 CTAS-SITUACION           PIC 9(01).
            03 CTAS-SALDO               PIC S9(10)V99.
            03 CTAS-FECHA-BAJA          PIC 9(08).
            03 FILLER                   PIC X(21).


\Cobol\fuentes\LIS002.cbl Wed Nov 25 20:35:30 2015  ACUCOBOL-GT v7.2.0  Page: 0002


       FD  LISTADO.
       01  REG-XLS                      PIC X(100).

       WORKING-STORAGE SECTION.

       COPY "\COBOL\fuentes\cpy\wk-tabla-aperturas.cpy".
       77  WK-DETALLE-APERTURA          PIC X(13).
       77  WK-APERTURA                  PIC 9.
       01  TAB-APERTURA.
            03 FILLER                   PIC X(14)
            VALUE "1Normal       ".
            03 FILLER                   PIC X(14)
            VALUE "2Ampliar      ".
            03 FILLER                   PIC X(14)
            VALUE "3Internacional".
            03 FILLER                   PIC X(14)
            VALUE "6Estudio      ".
            03 FILLER                   PIC X(14)
            VALUE "7F.Docum      ".
            03 FILLER                   PIC X(14)
            VALUE "8Denegada     ".
            03 FILLER                   PIC X(14)
            VALUE "9Analisis     ".
       01  TAB-APERTURA-BYINDEX REDEFINES TAB-APERTURA.
            03 TAB-APERTURA-DETALLE OCCURS 7
               INDEXED BY APER-INDEX.
               05 TAB-CTAS-APERTURA         PIC 9.
               05 TAB-CTAS-APERTURA-DETALLE PIC X(13).
       COPY "\COBOL\fuentes\cpy\wk-fecha-vuelta.cpy".
       01  WK-FECHA                     PIC 9(08).
       01  FILLER REDEFINES  WK-FECHA.
            03 WK-FEC-ANHIO             PIC X(04).
            03 WK-FEC-MES               PIC X(02).
            03 WK-FEC-DIA               PIC X(02).

       01  WK-FECHA-ED.
            03 WK-FEC-DIA-ED            PIC X(02).
            03 FILLER                   PIC X VALUE "/".
            03 WK-FEC-MES-ED            PIC X(02).
            03 FILLER                   PIC X VALUE "/".
            03 WK-FEC-ANHIO-ED          PIC X(04).

       77  WK-LEIDOS                    PIC 9(04).
       77  WK-FINAL                     PIC 9(01).
       77  WK-LINEA-GRABADA             PIC 9(04).
       77  WK-LINEA-CONSIDERADA         PIC 9(04).

       01  TITULO-01.
            03 FILLER                   PIC X(18) VALUE
            "LISTADO DE CUENTAS".
            03 FILLER                   PIC X(30) VALUE SPACES.
            03 TIT-FECHA                PIC X(10).

       01  LIN-DETALLE.
            03 X-DOC                    PIC 9(08).
            03 X-APE                    PIC X(20).
            03 X-NOM                    PIC X(20).

\Cobol\fuentes\LIS002.cbl Wed Nov 25 20:35:30 2015  ACUCOBOL-GT v7.2.0  Page: 0003


            03 X-FNAC                   PIC 9(8).
            03 X-PRV                    PIC X.
            03 X-APER                   PIC X(15).
            03 X-SIT                    PIC X.

       LINKAGE SECTION.
       SCREEN SECTION.
      *----------------------------------------------------------------
       PROCEDURE DIVISION.
       CONTROL-PROG.
000005     PERFORM INICIO     THRU F-INICIO
000009     PERFORM PROCESO    THRU F-PROCESO
00000D     PERFORM FINAL-PROG THRU F-FINAL-PROG
000011     GOBACK.

      * ABRE ARCHIVO Y ANHADE ENCABEZADO
       INICIO.
00001B     PERFORM ABRIR-ARCHIVO THRU F-ABRIR-ARCHIVO
00001F     ACCEPT WK-FECHA       FROM CENTURY-DATE
000025     PERFORM MOVER-FECHA   THRU F-MOVER-FECHA
000029     MOVE WK-FECHA-ED      TO TIT-FECHA
000030     PERFORM ENCABEZAR     THRU F-ENCABEZAR.
       F-INICIO. EXIT.

      * ABRE EL ARCHIVO
       ABRIR-ARCHIVO.
00003D     OPEN INPUT M-CUENTAS
000048     OPEN OUTPUT LISTADO.
       F-ABRIR-ARCHIVO. EXIT.

       ENCABEZAR.
      * IMPRIME EN EL EXIL
00005C     INITIALIZE REG-XLS
000062     STRING TITULO-01 INTO REG-XLS
           END-STRING
000069     WRITE REG-XLS
000075     INITIALIZE REG-XLS
           STRING
00007B           "Documento" H"09"
                 "Apellido" H"09"
                 "Nombre" H"09"
                 "Fecha Nacimiento" H"09"
                 "Provincia" H"09"
                 "Apertura" H"09"
                 "Situacion" H"09"
                 INTO REG-XLS
           END-STRING
0000C9     WRITE REG-XLS.
       F-ENCABEZAR. EXIT.

       PROCESO.
0000DE     PERFORM UNTIL WK-FINAL= 1
0000E8        READ M-CUENTAS AT END
0000F4             MOVE 1 TO WK-FINAL
0000FA             EXIT PERFORM CYCLE
              END-READ
0000FE        ADD 1 TO WK-LEIDOS

\Cobol\fuentes\LIS002.cbl Wed Nov 25 20:35:30 2015  ACUCOBOL-GT v7.2.0  Page: 0004


000104        IF CTAS-FECHA-BAJA = 0 AND
              (CTAS-APERTURA = 6 OR
              CTAS-APERTURA = 7  OR
              CTAS-APERTURA = 9)
000129            ADD 1 TO WK-LINEA-CONSIDERADA
00012F            INITIALIZE LIN-DETALLE
      * SI EL CONTADOR ES MAYOR A 64 AGREGO 1 HOJA
00013F            PERFORM DETALLE THRU F-DETALLE
              END-IF
           END-PERFORM.
       F-PROCESO. EXIT.


       DETALLE.
00014F     MOVE CTAS-DOCUMENTO      TO X-DOC
000156     MOVE CTAS-APELLIDO       TO X-APE
00015D     MOVE CTAS-NOMBRE         TO X-NOM
000164     MOVE CTAS-FECHA-NAC      TO X-FNAC
00016B     MOVE CTAS-PROVINCIA      TO X-PRV
000171     MOVE CTAS-APERTURA       TO WK-APERTURA
000177     PERFORM DETALLE-APERTURA THRU F-DETALLE-APERTURA
00017B     MOVE WK-DETALLE-APERTURA TO X-APER
000183     MOVE CTAS-SITUACION      TO X-SIT
00018A     INITIALIZE REG-XLS
           STRING
000190           X-DOC H"09"
                 X-APE H"09"
                 X-NOM H"09"
                 X-FNAC H"09"
                 X-PRV H"09"
                 X-APER H"09"
                 X-SIT H"09"
                 INTO REG-XLS
           END-STRING
0001DC     WRITE REG-XLS
0001E8     ADD 1 TO WK-LINEA-GRABADA.
       F-DETALLE. EXIT.

       FINAL-PROG.
0001F7     PERFORM CERRAR-ARCHIVO    THRU F-CERRAR-ARCHIVO
0001FB     PERFORM VERIFICAR-TOTALES THRU F-VERIFICAR-TOTALES.
       F-FINAL-PROG. EXIT.

       VERIFICAR-TOTALES.
000208     DISPLAY "Leidos: "      AT 1016 WK-LEIDOS CONVERT
000216     DISPLAY "Considerados: "AT 1216 WK-LINEA-CONSIDERADA CONVERT
000224     DISPLAY "Grabadas :"    AT 1416 WK-LINEA-GRABADA CONVERT
000232     DISPLAY MESSAGE "Enter para continuar"
00023A     IF WK-LINEA-GRABADA <> WK-LINEA-CONSIDERADA
000244        DISPLAY MESSAGE "Cuentas no balancean"
           END-IF.
       F-VERIFICAR-TOTALES. EXIT.

       CERRAR-ARCHIVO.
000255     CLOSE M-CUENTAS
                 LISTADO.
       F-CERRAR-ARCHIVO. EXIT.

\Cobol\fuentes\LIS002.cbl Wed Nov 25 20:35:30 2015  ACUCOBOL-GT v7.2.0  Page: 0005



       COPY "\COBOL\fuentes\cpy\procedure-fecha-vuelta.cpy".
       MOVER-FECHA.
000273     MOVE WK-FEC-ANHIO TO WK-FEC-ANHIO-ED
000279     MOVE WK-FEC-MES   TO WK-FEC-MES-ED
00027F     MOVE WK-FEC-DIA   TO WK-FEC-DIA-ED.
       F-MOVER-FECHA.
       COPY "\COBOL\fuentes\cpy\procedure-search-detalle.cpy".
       DETALLE-APERTURA.
00028D     SET APER-INDEX TO 1
000293     SEARCH TAB-APERTURA-DETALLE
            WHEN TAB-CTAS-APERTURA(APER-INDEX) = WK-APERTURA
0002B2       MOVE TAB-CTAS-APERTURA-DETALLE(APER-INDEX)
             TO WK-DETALLE-APERTURA
           END-SEARCH.
       F-DETALLE-APERTURA.
      *----------------------------------------------------------------

\Cobol\fuentes\LIS002.cbl Wed Nov 25 20:35:30 2015  ACUCOBOL-GT v7.2.0  Page: 0006


STATISTICS

Total Lines:         244
# of Files:            2
# of Data Items:      58
# of Paragraphs:      21

Elapsed Time:        0.3 seconds
Lines/Minute:      40666


Code Size:           713 (0002C9)
Data Size:           884 (000374)
Shared Data:          14 (00000E)
Extra Segment:       198 (0000C6)
Thread Segment:       84 (000054)
Address Table:       180 (0000B4)
Program Size:       2073 (000819)

0 Error(s), 0 Warning(s)
