\Cobol\fuentes\LIS001.cbl Mon Nov 23 16:53:13 2015  ACUCOBOL-GT v7.2.0  Page: 0001
ccbl32 -Cr -Ce -Vxe3 -vc -Zl -zd -Zz -Fx3 -Lo @.lst -o \Cobol\LIS001.acu -Lf \Cobol\fuentes\LIS001.cbl


      * =================================================================== */
      *                                                                     */
      *   COBOLNAME.CBL                                                     */
      *   (C) 2008 AUTHOR                                                   */
      *                                                                     */
      *   DESCRIPTION                                                       */
      *                                                                    .*/
      * =================================================================== */
      *PROGRAM DESCRIPTION
       IDENTIFICATION DIVISION.
       PROGRAM-ID. LIS001.
       AUTHOR. CRESPILLO RODRIGO ANDRES.
       INSTALLATION.
       DATE-WRITTEN. 18/11/2015.
       DATE-COMPILED.
      *----------------------------------------------------------------
       ENVIRONMENT DIVISION.

       CONFIGURATION SECTION.
       SOURCE-COMPUTER. NOMBRE COMPUTADIR FUENTE.
       OBJECT-COMPUTER. NOMBRE COMPUTADOR OBJETO.
       SPECIAL-NAMES.
            DECIMAL-POINT IS COMMA.

       INPUT-OUTPUT SECTION.
       FILE-CONTROL.
           SELECT M-CUENTAS
           ASSIGN TO "\COBOL\arch\mcuentas"
           ORGANIZATION IS SEQUENTIAL.
           SELECT LISTADO
           ASSIGN TO "\COBOL\listado\LISTADO"
           ORGANIZATION IS SEQUENTIAL.
      *----------------------------------------------------------------
       DATA DIVISION.

       FILE SECTION.

       COPY "\COBOL\fuentes\cpy\fd-ctas-reg.fds".
       FD  M-CUENTAS.
       01  CTAS-REG.
            03 CTAS-DOCUMENTO           PIC 9(08).
            03 CTAS-APELLIDO            PIC X(20).
            03 CTAS-NOMBRE              PIC X(20).
            03 CTAS-FECHA-NAC.
             05 CTAS-FECHA-NAC-ANHO      PIC 9999.
             05 CTAS-FECHA-NAC-MES       PIC 99.
             05 CTAS-FECHA-NAC-DIA       PIC 99.
            03 CTAS-PROVINCIA           PIC X(01).
            03 CTAS-APERTURA            PIC 9(01).
            03 CTAS-SITUACION           PIC 9(01).
            03 CTAS-SALDO               PIC S9(10)V99.
            03 CTAS-FECHA-BAJA          PIC 9(08).
            03 FILLER                   PIC X(21).

       FD  LISTADO.
       01  REG-LIS                      PIC X(100).

\Cobol\fuentes\LIS001.cbl Mon Nov 23 16:53:13 2015  ACUCOBOL-GT v7.2.0  Page: 0002



       WORKING-STORAGE SECTION.

       COPY "\COBOL\fuentes\cpy\wk-tabla-aperturas.cpy".
       77  WK-DETALLE-APERTURA          PIC X(13).
       77  WK-APERTURA                  PIC 9.
       01  TAB-APERTURA.
            03 FILLER                   PIC X(14)
            VALUE "1Normal       ".
            03 FILLER                   PIC X(14)
            VALUE "2Ampliar      ".
            03 FILLER                   PIC X(14)
            VALUE "3Internacional".
            03 FILLER                   PIC X(14)
            VALUE "6Estudio      ".
            03 FILLER                   PIC X(14)
            VALUE "7F.Docum      ".
            03 FILLER                   PIC X(14)
            VALUE "8Denegada     ".
            03 FILLER                   PIC X(14)
            VALUE "9Analisis     ".
       01  TAB-APERTURA-BYINDEX REDEFINES TAB-APERTURA.
            03 TAB-APERTURA-DETALLE OCCURS 7
               INDEXED BY APER-INDEX.
               05 TAB-CTAS-APERTURA         PIC 9.
               05 TAB-CTAS-APERTURA-DETALLE PIC X(13).
       COPY "\COBOL\fuentes\cpy\wk-fecha-vuelta.cpy".
       01  WK-FECHA                     PIC 9(08).
       01  FILLER REDEFINES  WK-FECHA.
            03 WK-FEC-ANHIO             PIC X(04).
            03 WK-FEC-MES               PIC X(02).
            03 WK-FEC-DIA               PIC X(02).

       01  WK-FECHA-ED.
            03 WK-FEC-DIA-ED            PIC X(02).
            03 FILLER                   PIC X VALUE "/".
            03 WK-FEC-MES-ED            PIC X(02).
            03 FILLER                   PIC X VALUE "/".
            03 WK-FEC-ANHIO-ED          PIC X(04).

       77  WK-LEIDOS                    PIC 9(09).
       77  WK-FINAL                     PIC 9(01).
       77  WK-LINEA                     PIC 9(06).
       77  WK-LINEA-IMPRESA             PIC 9(06).

       01  TITULO-01.
            03 TIT-FECHA                PIC X(10).
            03 FILLER                   PIC X(31) VALUE SPACES.
            03 FILLER                   PIC X(18) VALUE
            "LISTADO DE CUENTAS".
            03 FILLER                   PIC X(32) VALUE SPACES.
            03 FILLER                   PIC X(06) VALUE "HOJA: ".
            03 TIT-HOJA                 PIC 9(03).

       01  TITULO-LINE                  PIC X(100) VALUE ALL "_".

       01  TITULO-03.

\Cobol\fuentes\LIS001.cbl Mon Nov 23 16:53:13 2015  ACUCOBOL-GT v7.2.0  Page: 0003


            03 FILLER                   PIC X(09) VALUE "Documento".
            03 FILLER                   PIC X(05) VALUE ALL SPACES.
            03 FILLER                   PIC X(08) VALUE "Apellido".
            03 FILLER                   PIC X(18) VALUE ALL SPACES.
            03 FILLER                   PIC X(06) VALUE "Nombre".
            03 FILLER                   PIC X(18) VALUE ALL SPACES.
            03 FILLER                   PIC X(08) VALUE "Fec.Nac.".
            03 FILLER                   PIC X(06) VALUE ALL SPACES.
            03 FILLER                   PIC X(04) VALUE "Prov".
            03 FILLER                   PIC X(07) VALUE ALL SPACES.
            03 FILLER                   PIC X(11) VALUE "Apertura".

       01  LIN-DETALLE.
            03 L-DOC                    PIC X(08).
            03 FILLER                   PIC X(05) VALUE ALL SPACES.
            03 L-APE                    PIC X(10).
            03 FILLER                   PIC X(05) VALUE ALL SPACES.
            03 L-NOM                    PIC X(30).
            03 FILLER                   PIC X(05) VALUE ALL SPACES.
            03 L-FNAC                   PIC X(10).
            03 FILLER                   PIC X(07) VALUE ALL SPACES.
            03 L-PRV                    PIC X.
            03 FILLER                   PIC X(06) VALUE ALL SPACES.
            03 L-APER                   PIC X(13).

       01  TITULO-BOTTOM-FINAL.
            03 FILLER                   PIC X(18) VALUE
            "TOTAL DE CUENTAS: ".
            03 LIN-TOT-ALUMN            PIC ZZZZZ9.


       LINKAGE SECTION.
       SCREEN SECTION.
      *----------------------------------------------------------------
       PROCEDURE DIVISION.
       CONTROL-PROG.
000005     PERFORM INICIO     THRU F-INICIO
000009     PERFORM PROCESO    THRU F-PROCESO
00000D     PERFORM FINAL-PROG THRU F-FINAL-PROG
000011     GOBACK.

      * ABRE ARCHIVO Y ANHADE ENCABEZADO
       INICIO.
00001B     PERFORM ABRIR-ARCHIVO THRU F-ABRIR-ARCHIVO
00001F     PERFORM ENCABEZAR     THRU F-ENCABEZAR.
       F-INICIO.

      * ABRE EL ARCHIVO
       ABRIR-ARCHIVO.
00002B     OPEN INPUT M-CUENTAS
000036     OPEN OUTPUT LISTADO.
       F-ABRIR-ARCHIVO.

       ENCABEZAR.
      * ACEPTA HORA DEL SISTEMA Y LA PONE EN EL LISTADO
000049     ACCEPT WK-FECHA FROM CENTURY-DATE


\Cobol\fuentes\LIS001.cbl Mon Nov 23 16:53:13 2015  ACUCOBOL-GT v7.2.0  Page: 0004


00004F     PERFORM MOVER-FECHA THRU F-MOVER-FECHA
000053     MOVE WK-FECHA-ED  TO TIT-FECHA

00005A     ADD 1 TO TIT-HOJA

      * IMPRIME ENCABEZADO
000060     WRITE REG-LIS FROM TITULO-01
000072     WRITE REG-LIS FROM TITULO-LINE
000084     WRITE REG-LIS FROM TITULO-03
000096     WRITE REG-LIS FROM TITULO-LINE

0000A8     MOVE 4 TO WK-LINEA.

       F-ENCABEZAR.

       PROCESO.
0000B7     PERFORM UNTIL WK-FINAL= 1
0000C1        READ M-CUENTAS AT END
0000CD             MOVE 1 TO WK-FINAL
0000D3             EXIT PERFORM CYCLE
              END-READ

0000D7        IF CTAS-FECHA-NAC-MES = 12 AND (CTAS-APERTURA = 1
              OR CTAS-APERTURA = 2 OR CTAS-APERTURA = 3)
0000FC              INITIALIZE LIN-DETALLE
      * SI EL CONTADOR ES MAYOR A 64 AGREGO 1 HOJA
00011A              IF WK-LINEA > 64
000124                   PERFORM ENCABEZAR
                    END-IF
000128              PERFORM DETALLE THRU F-DETALLE
00012C              ADD 1 TO WK-LEIDOS
               END-IF
           END-PERFORM.
       F-PROCESO.


       DETALLE.
00013D     MOVE CTAS-DOCUMENTO    TO L-DOC
000144     MOVE CTAS-APELLIDO     TO L-APE
00014B     MOVE CTAS-NOMBRE       TO L-NOM
000153     MOVE CTAS-FECHA-NAC    TO WK-FECHA
00015A     PERFORM MOVER-FECHA    THRU F-MOVER-FECHA
00015E     MOVE WK-FECHA-ED       TO L-FNAC
000165     MOVE CTAS-PROVINCIA    TO L-PRV
00016B     MOVE CTAS-APERTURA     TO WK-APERTURA
000171     PERFORM DETALLE-APERTURA THRU F-DETALLE-APERTURA
000175     MOVE WK-DETALLE-APERTURA TO L-APER

00017C     WRITE REG-LIS FROM LIN-DETALLE
00018E     ADD 1 TO WK-LINEA-IMPRESA
000194     ADD 1 TO WK-LINEA.
       F-DETALLE.

       FINAL-PROG.
0001A2     PERFORM TOTALES           THRU F-TOTALES
0001A6     PERFORM CERRAR-ARCHIVO    THRU F-CERRAR-ARCHIVO
0001AA     PERFORM VERIFICAR-TOTALES THRU F-VERIFICAR-TOTALES.

\Cobol\fuentes\LIS001.cbl Mon Nov 23 16:53:13 2015  ACUCOBOL-GT v7.2.0  Page: 0005


       F-FINAL-PROG.

       TOTALES.
      * IMPRIME PIE DE PAGINA CON TOTAL DE ALUMNOS
0001B6     IF WK-LINEA > 63
0001C0      PERFORM ENCABEZAR
           END-IF
0001C4     MOVE WK-LEIDOS TO LIN-TOT-ALUMN
0001CB     WRITE REG-LIS FROM TITULO-LINE
0001DD     WRITE REG-LIS FROM TITULO-BOTTOM-FINAL.
       F-TOTALES.

       VERIFICAR-TOTALES.
0001F8     DISPLAY "Leidos: "   AT 1016 WK-LEIDOS CONVERT
000206     DISPLAY "Impresos: " AT 1216 WK-LINEA-IMPRESA CONVERT
000214     DISPLAY MESSAGE "Enter para continuar"
           END-DISPLAY
00021C     IF WK-LEIDOS <> WK-LINEA-IMPRESA
000226      DISPLAY MESSAGE "Cantidad de Cuentas no balancea"
            END-DISPLAY
           END-IF.
       F-VERIFICAR-TOTALES.

       CERRAR-ARCHIVO.
000236     CLOSE M-CUENTAS
                 LISTADO.
       F-CERRAR-ARCHIVO.

       COPY "\COBOL\fuentes\cpy\procedure-fecha-vuelta.cpy".
       MOVER-FECHA.
000253     MOVE WK-FEC-ANHIO TO WK-FEC-ANHIO-ED
000259     MOVE WK-FEC-MES   TO WK-FEC-MES-ED
00025F     MOVE WK-FEC-DIA   TO WK-FEC-DIA-ED.
       F-MOVER-FECHA.
       COPY "\COBOL\fuentes\cpy\procedure-search-detalle.cpy".
       DETALLE-APERTURA.
00026D     SET APER-INDEX TO 1
000273     SEARCH TAB-APERTURA-DETALLE
            WHEN TAB-CTAS-APERTURA(APER-INDEX) = WK-APERTURA
000292       MOVE TAB-CTAS-APERTURA-DETALLE(APER-INDEX)
             TO WK-DETALLE-APERTURA
           END-SEARCH.
       F-DETALLE-APERTURA.
      *----------------------------------------------------------------

\Cobol\fuentes\LIS001.cbl Mon Nov 23 16:53:13 2015  ACUCOBOL-GT v7.2.0  Page: 0006


STATISTICS

Total Lines:         271
# of Files:            2
# of Data Items:      81
# of Paragraphs:      23

Elapsed Time:        0.1 seconds
Lines/Minute:      95647


Code Size:           681 (0002A9)
Data Size:          1112 (000458)
Shared Data:          14 (00000E)
Extra Segment:       208 (0000D0)
Thread Segment:       92 (00005C)
Address Table:       212 (0000D4)
Program Size:       2319 (00090F)

0 Error(s), 0 Warning(s)
